0.9925665855407715
0.8803362846374512
0.8852299451828003
0.00909535400569439
0.0064524877816438675
0.01415970642119646
0.9771590828895569
0.8917548060417175
0.9924571514129639
0.008153949864208698
0.02390415593981743
0.005241028964519501
0.9620233774185181
0.0064524877816438675
0.9338690042495728
0.9940318465232849
0.009630395099520683
0.04838678613305092
0.9599290490150452
0.9940318465232849
0.9940318465232849
0.022969428449869156
0.0064524877816438675
0.005241028964519501
0.006625167094171047
0.9927586317062378
0.011517970822751522
0.008153949864208698
0.0064524877816438675
0.9886136054992676
0.9940318465232849
0.031654242426157
0.009319601580500603
0.006625167094171047
0.014984560199081898
0.00646916963160038
0.0064524877816438675
0.019480369985103607
0.6000255346298218
0.017207525670528412
0.9360213875770569
0.009779483079910278
0.012202291749417782
0.009779483079910278
0.016207965090870857
0.015635376796126366
0.006625167094171047
0.039340790361166
0.9876722097396851
0.9940318465232849
